Inventory: gold_ai_mean_rev.pkl
Inventory: gold_ai_model.pkl
Inventory: gold_ai_model_v11.pkl
Inventory: gold_hybrid_ai.pkl
Inventory: GOLD_MICRO.csv
Inventory: gold_ml_training_data.csv
Inventory: GOLD#_Daily_201401020000_202605080000.csv
Inventory: GOLD#_H12_201401020000_202605081200.csv
Inventory: GOLD#_H1_201401020000_202605082300.csv
Inventory: GOLD#_H2_201401020000_202605082200.csv
Inventory: GOLD#_H3_201401020000_202605082100.csv
Inventory: GOLD#_H4_201401020000_202605082000.csv
Inventory: GOLD#_H6_201401020000_202605081800.csv
Inventory: GOLD#_H8_201401020000_202605081600.csv
Inventory: GOLD#_M10_201401020000_202605082350.csv
Inventory: GOLD#_M12_201401020000_202605082348.csv
Inventory: GOLD#_M15_201401020000_202605082345.csv
Inventory: GOLD#_M1_201401020000_202605082357.csv
Inventory: GOLD#_M20_201401020000_202605082340.csv
Inventory: GOLD#_M2_201401020000_202605082356.csv
Inventory: GOLD#_M30_201401020000_202605082330.csv
Inventory: GOLD#_M3_201401020000_202605082357.csv
Inventory: GOLD#_M4_201401020000_202605082356.csv
Inventory: GOLD#_M5_201401020000_202605082355.csv
Inventory: GOLD#_M6_201401020000_202605082354.csv
Inventory: GOLD#_Monthly_201401010000_202605010000.csv
Inventory: GOLD#_Weekly_201401050000_202605030000.csv
Inventory: axis_shared_gold_xaueur_results.csv
